[backblue.gif]
[fade.gif]
[index.html]
[almond.ke/feed/index.html]
[almond.ke/wp-json/oembed/1.0/embedf3cb.json]
[almond.ke/comments/feed/index.html]
[almond.ke/wp-json/oembed/1.0/embed10d4]
[almond.ke/wp-content/uploads/2026/09/Gemini_Generated_Image_ignalmignalmigna.jpg]
[almond.ke/wp-content/uploads/2025/12/Sofia-Pro-Black-Az.woff2]
[almond.ke/wp-content/uploads/2025/12/Sofia-Pro-Black-Italic-Az.woff2]
[almond.ke/wp-content/uploads/2025/12/Sofia-Pro-Bold-Az.woff2]
[almond.ke/wp-content/uploads/2025/12/Sofia-Pro-Bold-Italic-Az.woff2]
[almond.ke/wp-content/uploads/2025/12/Sofia-Pro-ExtraLight-Az.woff2]
[almond.ke/wp-content/uploads/2025/12/Sofia-Pro-ExtraLight-Italic-Az.woff2]
[almond.ke/wp-content/uploads/2025/12/Sofia-Pro-Light-Az.woff2]
[almond.ke/wp-content/uploads/2025/12/Sofia-Pro-Light-Italic-Az.woff2]
[almond.ke/wp-content/uploads/2025/12/Sofia-Pro-Medium-Az.woff2]
[almond.ke/wp-content/uploads/2025/12/Sofia-Pro-Medium-Italic-Az.woff2]
[almond.ke/wp-content/uploads/2025/12/Sofia-Pro-Regular-Az.woff2]
[almond.ke/wp-content/uploads/2025/12/Sofia-Pro-Regular-Italic-Az.woff2]
[almond.ke/wp-content/uploads/2025/12/Sofia-Pro-Semi-Bold-Az.woff2]
[almond.ke/wp-content/uploads/2025/12/Sofia-Pro-Semi-Bold-Italic-Az.woff2]
[almond.ke/wp-content/uploads/2025/12/Sofia-Pro-UltraLight-Az.woff2]
[almond.ke/wp-content/uploads/2025/12/Sofia-Pro-UltraLight-Italic-Az.woff2]
[almond.ke/wp-json/wp/v2/pages/1535.json]
[almond.ke/xmlrpc0db0.php]
[almond.ke/wp-content/uploads/2025/11/cropped-Almod-1-32x32.png]
[almond.ke/wp-content/uploads/2025/11/cropped-Almod-1-192x192.png]
[almond.ke/wp-json/index.html]
[almond.ke/wp-content/uploads/2025/11/cropped-Almod-1-180x180.png]
[almond.ke/wp-content/uploads/2025/11/cropped-Almod-1-270x270.png]
[almond.ke/wp-content/uploads/2026/09/Gemini_Generated_Image_eevbueeevbueeevb.jpg]
[almond.ke/wp-content/uploads/2026/09/Gemini_Generated_Image_99vsu499vsu499vs.jpg]
[almond.ke/wp-content/uploads/2026/09/Gemini_Generated_Image_xrg7xpxrg7xpxrg7.jpg]
[almond.ke/wp-content/uploads/2026/09/Gemini_Generated_Image_f36kzf36kzf36kzf.jpg]
[almond.ke/wp-content/uploads/2026/09/Gemini_Generated_Image_7q22d17q22d17q22.jpg]
[almond.ke/wp-content/uploads/2026/09/Gemini_Generated_Image_zc6h45zc6h45zc6h.jpg]
[almond.ke/wp-content/themes/Impreza/fonts/fa-solid-90055af.woff2]
[almond.ke/wp-content/themes/Impreza/fonts/fa-regular-40055af.woff2]
[almond.ke/wp-content/themes/Impreza/fonts/fa-light-30055af.woff2]
[almond.ke/wp-content/themes/Impreza/fonts/fa-duotone-90055af.woff2]
[almond.ke/wp-content/themes/Impreza/fonts/fa-brands-40055af.woff2]
[almond.ke/wp-content/themes/Impreza/fonts/material-icons55af.woff2]
[almond.ke/wp-content/themes/Impreza/common/css/vendor/images/marker-icon.png]
[almond.ke/wp-content/uploads/2025/12/almond-icon.png]
[almond.ke/wp-content/uploads/2025/12/almond-icon-150x150.png]
[almond.ke/wp-content/uploads/2026/09/Gemini_Generated_Image_ignalmignalmigna-300x61.jpg]
[almond.ke/wp-content/uploads/2026/09/Gemini_Generated_Image_ignalmignalmigna-1024x209.jpg]
[almond.ke/wp-content/uploads/2026/09/Gemini_Generated_Image_ignalmignalmigna-600x123.jpg]
[almond.ke/wp-content/uploads/2026/09/Minimalistic-Branding-for-Your-Startup-559x1024.jpg]
[almond.ke/wp-content/uploads/2026/09/100pcs-Handmade-Custom-ribbon-satin-wristband-Feature-holiday-Ribbon-for-events-party-concert-entrance-ID-Cloth-wristband-full-color-Printed.jpg]
[almond.ke/wp-content/uploads/2026/09/RoyaltyFree-_-Modern-Athletic-Wear-Logo-Placement-Collection.jpg]
[almond.ke/wp-content/uploads/2026/09/Make-your-business-look-more-professional-with…-2.jpg]
[almond.ke/wp-content/uploads/2026/09/Timeless-Elegance-in-Custom-Packaging.jpg]
[almond.ke/wp-content/uploads/2026/09/4d7a8c1ace7d74032f31a67f2fde8768.jpg]
[almond.ke/wp-content/uploads/2026/09/Bespoke-Awards.jpg]
[almond.ke/wp-content/uploads/2026/09/How-to-build-a-consistent-brand-identity-through….jpg]
[almond.ke/wp-content/uploads/2026/09/Flag-Signs-Welcome.jpg]
[almond.ke/wp-content/uploads/2026/09/914862420975027.jpg]
[almond.ke/wp-content/uploads/2026/09/167a8e80a64a70518ed189c6c9a6ee5b-819x1024.jpg]
[almond.ke/wp-content/uploads/2026/09/a7a6e61acc5d9cc11ea6cdd181a7dc30-845x1024.jpg]
[almond.ke/wp-content/uploads/2026/09/1cda43bac6350e0e2d4cc869fbbf10ad-1024x1024.jpg]
[almond.ke/wp-content/uploads/2026/09/968b2d65ecf7b3c35795015a4ff2d689.jpg]
[almond.ke/wp-content/uploads/2026/09/528a717147e603b2d6148045195074aa.jpg]
[almond.ke/wp-content/uploads/2026/09/Professional-Minimalist-Letterhead-Design-for-Business-1.jpg]
[almond.ke/wp-content/uploads/2026/09/153896512264239747-683x1024.jpg]
[almond.ke/wp-content/uploads/2026/09/Exercise-Book.jpg]
[almond.ke/wp-content/uploads/2026/09/Final@book-cover-design-for-a-uk-client…_thanks….jpg]
[almond.ke/wp-content/uploads/2026/09/Automatic-Windproof-Travel-Umbrella-Blue.jpg]
[almond.ke/wp-content/uploads/2026/09/We-make-every-apparel-product-that-the-Customer….jpg]
[almond.ke/wp-content/uploads/2026/09/Faith-Ephesians-2_8-Foam-Mesh-Back-Trucker-Cap-Christian-Hat-with-Bible-Verse-Bible-Verse-Cap-Faith-Based-Hat-Religious-Hat.jpg]
[almond.ke/wp-content/uploads/2026/09/High-Quality-embroidered-plain-dyed-Cotton….jpg]
[almond.ke/wp-content/uploads/2026/09/703756188970312.jpg]
[almond.ke/wp-content/uploads/2026/09/Rugby-Raffle-Ticket-Template-in-Publisher-Pages-Illustrator-PSD-Word-Download-_-Template_net.jpg]
[almond.ke/wp-content/uploads/2026/09/Elegant-Merry-Christmas-Custom-Logo-Business-Holiday-Card.jpg]
[almond.ke/wp-content/uploads/2026/09/10x15-Custom-Canopy-Tent-_-Made-in-USA-_-TentCraft-2.jpg]
[almond.ke/wp-content/uploads/2026/09/images-9.jpg]
[almond.ke/wp-content/uploads/2026/09/497788565054391715-682x1024.jpg]
[almond.ke/wp-content/uploads/2026/09/Teardrop-Flag-2-683x1024.jpg]
[almond.ke/wp-content/uploads/2026/09/23995810510139894.jpg]
[almond.ke/wp-content/uploads/2026/09/Claim-your-project-site-with-high-impact….jpg]
[almond.ke/wp-content/uploads/2026/09/Starshaped-award-trophy-_-Premium-AI-generated-image.jpg]
[almond.ke/wp-content/uploads/2026/09/Huy-chuong.jpg]
[almond.ke/wp-content/uploads/2026/09/Invoice-Template-Business-Design_-Create-Professional-Bills-in-Minutes.jpg]
[almond.ke/wp-content/uploads/2026/09/2-Packs-Receipt-Book-with-Carbon-CopiesReceipt-Book-for-Small-Business2-Part-CarbonlessBlue-and-Yellow-Copy100-Sets-per-Book-1.jpg]
[almond.ke/wp-content/uploads/2026/09/Gate-Pass-1.jpg]
[almond.ke/wp-content/uploads/2026/09/consumer-connected.jpg]
[almond.ke/wp-content/uploads/2026/09/373517362846893897.jpg]
[almond.ke/wp-content/uploads/2026/09/A-premium-packaging-redesign-crafted-from-scratch….jpg]
[almond.ke/wp-content/uploads/2026/09/Sealing-Stickers-Tamper-Proof-Seal-Sticker-and….jpg]
[almond.ke/wp-content/uploads/2026/09/Clear-Empty-Jar-Mockup-PSD-76556-_-Yellow-Images.jpg]
[almond.ke/wp-content/uploads/2026/09/Custom-Vinyl-Wall-Decal-Removable-Conference-Room-Wall-Graphic-for-Business-Branding.jpg]
[almond.ke/wp-content/uploads/2026/09/Custom-Window-Graphics-Design-_-Stunning-Storefront-Vinyls-Built-to-Attract-More-Customers-1-683x1024.jpg]
[almond.ke/wp-content/uploads/2026/09/How-do-I-care-for-clean-my-floor-decals_-1.jpg]
[almond.ke/wp-content/uploads/2026/09/Community-Telco-on-Behance.jpg]
[almond.ke/wp-content/uploads/2026/09/Electric-Delivery-Scooter-Mockup-Back-Half-Side-View-PSD-125652-_-Yellow-Images.jpg]
[almond.ke/wp-content/uploads/2025/12/design-and-creative-services-in-Nairobi-Kenya.jpg]
[almond.ke/wp-content/uploads/2025/12/Digital-Printing-and-Offset-Printing-Company-in-Nairobi-Kenya.jpg]
[almond.ke/wp-content/uploads/2025/12/large-format-printing-services-in-Nairobi-Kenya.jpg]
[almond.ke/wp-content/uploads/2025/12/Corporate-Branding-and-Production-Management.jpg]
[almond.ke/index.html]
[almond.ke/wp-content/plugins/advanced-woo-search/assets/css/common.min0ffb.css]
[almond.ke/wp-content/themes/Impreza/css/style.min55af.css]
[almond.ke/wp-content/themes/Impreza/common/css/plugins/woocommerce.min55af.css]
[almond.ke/wp-includes/js/jquery/jquery.minf43b.js]
[almond.ke/wp-content/plugins/woocommerce/assets/js/jquery-blockui/jquery.blockUI.mine7c9.js]
[almond.ke/wp-content/plugins/woocommerce/assets/js/frontend/add-to-cart.min5ae7.js]
[almond.ke/wp-content/plugins/woocommerce/assets/js/js-cookie/js.cookie.min6f96.js]
[almond.ke/wp-content/plugins/woocommerce/assets/js/frontend/woocommerce.min5ae7.js]
[almond.ke/contact/index.html]
[almond.ke/cart/index.html]
[almond.ke/printing-services-category/https-almond-ke-apparels/index.html]
[almond.ke/wp-content/uploads/2026/01/Printing-Services.jpg]
[almond.ke/apparels/t-shirts/index.html]
[almond.ke/apparels/poloshirts/index.html]
[almond.ke/apparels/blouses/index.html]
[almond.ke/apparels/shirts/index.html]
[almond.ke/apparels/caps/index.html]
[almond.ke/wp-content/uploads/2026/03/Whisk_3ad0118e31ac5d7bd724e683d32ec966dr-1024x559.jpeg]
[almond.ke/wp-content/uploads/2026/03/Image_fx-2026-03-06T160459.221-1024x559.jpg]
[almond.ke/apparels/aprons/index.html]
[almond.ke/wp-content/uploads/2026/03/Whisk_76b68c953fa8244946842e0648adec9edr-1024x559.jpeg]
[almond.ke/wp-content/uploads/2026/03/Whisk_1d0f551a127b63998414a41607572a36dr-1024x559.jpeg]
[almond.ke/apparels/dust-coats/index.html]
[almond.ke/wp-content/uploads/2026/03/Image_fx-2026-03-06T172117.180-1024x559.jpg]
[almond.ke/apparels/lab-coats/index.html]
[almond.ke/apparels/overalls/index.html]
[almond.ke/apparels/blazers/index.html]
[almond.ke/apparels/hoodies/index.html]
[almond.ke/apparels/puff-jackets/index.html]
[almond.ke/apparels/reflective-jackets/index.html]
[almond.ke/apparels/bandanas/index.html]
[almond.ke/apparels/safari-jackets/index.html]
[almond.ke/apparels/college-jackets/index.html]
[almond.ke/apparels/rain-coats/index.html]
[almond.ke/apparels/kikoys/index.html]
[almond.ke/apparels/lesos/index.html]
[almond.ke/apparels/fleece-maasai-blankets/index.html]
[almond.ke/apparels/scarves/index.html]
[almond.ke/printing-services-category/https-almond-ke-awards-recognition/index.html]
[almond.ke/certificates/index.html]
[almond.ke/framed-certificates/index.html]
[almond.ke/awards/index.html]
[almond.ke/trophies/index.html]
[almond.ke/medals/index.html]
[almond.ke/plaques/index.html]
[almond.ke/printing-services-category/https-almond-ke-banners-displays/index.html]
[almond.ke/broad-base-stand/index.html]
[almond.ke/table-roll-up-banner/index.html]
[almond.ke/door-frame-banners/index.html]
[almond.ke/pop-up-banners/index.html]
[almond.ke/x-banners/index.html]
[almond.ke/s-banners/index.html]
[almond.ke/l-banners/index.html]
[almond.ke/teardrop-banners/index.html]
[almond.ke/feature-banners/index.html]
[almond.ke/telescopic-banners/index.html]
[almond.ke/back-drop-banners/index.html]
[almond.ke/media-banners/index.html]
[almond.ke/lateral-banners/index.html]
[almond.ke/drop-down-banners/index.html]
[almond.ke/hanging-banners/index.html]
[almond.ke/customised-flags/index.html]
[almond.ke/branded-tents/index.html]
[almond.ke/printing-services-category/https-almond-ke-stationery-business-books-publications/index.html]
[almond.ke/annual-reports/index.html]
[almond.ke/text-books/index.html]
[almond.ke/exercise-books/index.html]
[almond.ke/novels/index.html]
[almond.ke/story-books/index.html]
[almond.ke/reports/index.html]
[almond.ke/magazines/index.html]
[almond.ke/company-profiles/index.html]
[almond.ke/manuals/index.html]
[almond.ke/journals/index.html]
[almond.ke/training-booklets/index.html]
[almond.ke/graduation-booklets/index.html]
[almond.ke/printing-services-category/https-almond-ke-corporate-promotional-items/index.html]
[almond.ke/mugs/index.html]
[almond.ke/water-bottles/index.html]
[almond.ke/thermo-flasks/index.html]
[almond.ke/keyrings/index.html]
[almond.ke/flash-drives/index.html]
[almond.ke/umbrellas/index.html]
[almond.ke/pens/index.html]
[almond.ke/card-holders/index.html]
[almond.ke/pen-holders/index.html]
[almond.ke/gift-hampers/index.html]
[almond.ke/gift-bags/index.html]
[almond.ke/power-banks/index.html]
[almond.ke/bags-back-packs/index.html]
[almond.ke/calendars/index.html]
[almond.ke/wall-clocks/index.html]
[almond.ke/lapel-pins/index.html]
[almond.ke/wrist-bands/index.html]
[almond.ke/lanyards/index.html]
[almond.ke/mouse-pads/index.html]
[almond.ke/printing-services-category/https-almond-ke-labels-and-stickers/index.html]
[almond.ke/labels-stickers/index.html]
[almond.ke/product-labels/index.html]
[almond.ke/asset-tags/index.html]
[almond.ke/seal-stickers/index.html]
[almond.ke/barcode-labels/index.html]
[almond.ke/branded-tapes/index.html]
[almond.ke/clear-labels/index.html]
[almond.ke/printing-services-category/https-almond-ke-small-format-marketing-promotional/index.html]
[almond.ke/flyers/index.html]
[almond.ke/brochures/index.html]
[almond.ke/posters/index.html]
[almond.ke/print-shop/index.html]
[almond.ke/inserts/index.html]
[almond.ke/fact-sheets/index.html]
[almond.ke/catalogues/index.html]
[almond.ke/printing-services-category/https-almond-ke-vehicle-fleet-branding/index.html]
[almond.ke/van-branding/index.html]
[almond.ke/car-branding/index.html]
[almond.ke/truck-branding/index.html]
[almond.ke/motorcycle-branding/index.html]
[almond.ke/printing-services-category/https-almond-ke-motor-vehicle-branding-office-branding/index.html]
[almond.ke/wall-branding/index.html]
[almond.ke/window-branding/index.html]
[almond.ke/frosted-glass-film/index.html]
[almond.ke/floor-graphics/index.html]
[almond.ke/wall-murals/index.html]
[almond.ke/event-branding/index.html]
[almond.ke/podium-branding/index.html]
[almond.ke/printing-services-category/https-almond-ke-stationery-business-office-stationery/index.html]
[almond.ke/stationery-business/trading-books/business-cards/index.html]
[almond.ke/button-badges/index.html]
[almond.ke/company-seals/index.html]
[almond.ke/compliment/index.html]
[almond.ke/diaries/index.html]
[almond.ke/dividers/index.html]
[almond.ke/folders/index.html]
[almond.ke/envelopes/index.html]
[almond.ke/letterheads/index.html]
[almond.ke/menu-cards/index.html]
[almond.ke/menu-holders/index.html]
[almond.ke/notepads/index.html]
[almond.ke/registers/index.html]
[almond.ke/self-inking-stamp/index.html]
[almond.ke/staff-id-cards/index.html]
[almond.ke/stock-cards/index.html]
[almond.ke/printing-services-category/https-almond-ke-packaging/index.html]
[almond.ke/cake-boxes/index.html]
[almond.ke/cake-boards/index.html]
[almond.ke/branded-boxes/index.html]
[almond.ke/customised-boxes/index.html]
[almond.ke/printing-services-category/https-almond-ke-small-format-personal-event-items/index.html]
[almond.ke/wedding-cards/index.html]
[almond.ke/invitations/index.html]
[almond.ke/event-programs/index.html]
[almond.ke/funeral-programs/index.html]
[almond.ke/anniversary-programs/index.html]
[almond.ke/tickets/index.html]
[almond.ke/vouchers/index.html]
[almond.ke/success-cards/index.html]
[almond.ke/christmas-cards/index.html]
[almond.ke/graduation-cards/index.html]
[almond.ke/thanksgiving-cards/index.html]
[almond.ke/printing-services-category/https-almond-ke-signs-boards-branding/index.html]
[almond.ke/indoor-signage/index.html]
[almond.ke/signages/outdoor-signages/index.html]
[almond.ke/directional-signs/index.html]
[almond.ke/safety-signs/index.html]
[almond.ke/3d-signages/index.html]
[almond.ke/2d-signages/index.html]
[almond.ke/reflective-signages/index.html]
[almond.ke/light-box-signages/index.html]
[almond.ke/selfie-boards/index.html]
[almond.ke/printing-services-category/https-almond-ke-stationery-business-trading-books/index.html]
[almond.ke/invoice-books/index.html]
[almond.ke/receipt-books/index.html]
[almond.ke/delivery-note-books/index.html]
[almond.ke/local-purchase-order/index.html]
[almond.ke/gate-pass/index.html]
[almond.ke/petty-cash-voucher-books/index.html]
[almond.ke/payment-voucher-books/index.html]
[almond.ke/fuel-coupon-books/index.html]
[almond.ke/good-received-books/index.html]
[almond.ke/store-requisition-books/index.html]
[almond.ke/job-cards-books/index.html]
[almond.ke/office-stationery/index.html]
[almond.ke/personal-event-items/index.html]
[almond.ke/apparels/index.html]
[almond.ke/trading-books/index.html]
[almond.ke/labels-stickers-2/index.html]
[almond.ke/wp-content/uploads/2026/09/Custom-Printed-Self-Adhesive-Labels-For-All-Applications-1.jpg]
[almond.ke/packaging/index.html]
[almond.ke/books-publications/index.html]
[almond.ke/wp-content/uploads/2026/09/Perfect-bound-books.jpg]
[almond.ke/motor-vehicle-branding/office-branding/index.html]
[almond.ke/awards-recognition-2/index.html]
[almond.ke/marketing-promotional-items/index.html]
[almond.ke/corporate-promotional-items-2/index.html]
[almond.ke/wp-content/uploads/2026/09/High-impact-Company-Merchandising-Examples.jpg]
[almond.ke/banners-displays/index.html]
[almond.ke/signs-boards-branding/index.html]
[almond.ke/vehicle-fleet-branding/index.html]
[almond.ke/wp-content/uploads/2026/09/f4f263962c4526867d2e413d918110bc.jpg]
[almond.ke/small-format/marketing-promotional/index.html]
[almond.ke/wp-content/uploads/2026/09/efa7bcb5208a28ca7491102f13944be0-683x1024.jpg]
[almond.ke/wp-content/uploads/2026/09/085fa5e13de5d24d2b411e6e991509d2-1024x1024.jpg]
[almond.ke/printing-services/business-cards/index.html]
[almond.ke/wp-content/uploads/2026/09/Syvter-–-Stationery-Design-_-Envelope-Branding-1.jpg]
[almond.ke/wp-content/uploads/2026/09/Custom-Notepads-Printing.jpg]
[almond.ke/wp-content/uploads/2026/09/Editable-Book-Cover-Templates-for-Beginners.jpg]
[almond.ke/wp-content/uploads/2026/09/@solssystem.jpg]
[almond.ke/wp-content/uploads/2026/09/Graduation-Photo-Book-Personalized-Class-of-2026-Keepsake-Custom-Grad-Gift-for-Her-Him-College-High-School-Senior-Memory-Album.jpg]
[almond.ke/wp-content/uploads/2026/09/Two-Matte-Mugs-Mockup-PSD-34760-_-Yellow-Images.jpg]
[almond.ke/wp-content/uploads/2026/09/Sahara-Sailor-Water-Bottle-32oz-576x1024.jpg]
[almond.ke/wp-content/uploads/2026/09/359232507799236273.jpg]
[almond.ke/wp-content/uploads/2026/09/Corporate-Gifts-1.jpg]
[almond.ke/wp-content/uploads/2026/09/Motivational-Typography-T-shirt-Design-Download-on-Teepublic-1-683x1024.jpg]
[almond.ke/wp-content/uploads/2026/09/Maasai-Fleece-Blankets-Free-branding-with-a…-1.jpg]
[almond.ke/wp-content/uploads/2026/09/Create-Meaningful-Memorial-Service-Templates-for-Loved-Ones-683x1024.jpg]
[almond.ke/wp-content/uploads/2026/09/Voucher-1.jpg]
[almond.ke/wp-content/uploads/2026/09/Innovation-Endeavors-680x1024.jpg]
[almond.ke/wp-content/uploads/2026/09/169025792264298446-1.jpg]
[almond.ke/wp-content/uploads/2026/09/WDZGX-Cake-Board-30cm-Tortenunterlage-Cakeboard-Rund-6STK-Kuchenplatten-Karton-Pappe-Wiederverwendbar-Torten-Unterplatten-fur-Transport-Kuchen-Torten-1.jpg]
[almond.ke/wp-content/uploads/2026/09/Wholesale-Custom-Mailer-Boxes-683x1024.jpg]
[almond.ke/wp-content/uploads/2026/09/Custom-Packaging-Boxes.jpg]
[almond.ke/wp-content/uploads/2026/09/Interior-Signage-_-Fusion-Architectural-Signs-by-T.jpg]
[almond.ke/wp-content/uploads/2026/09/Berlin-Brandenburg-Airport.jpg]
[almond.ke/wp-content/uploads/2026/09/Comment-mettre-en-place-un-point-de-rassemblement-_.jpg]
[almond.ke/wp-content/uploads/2026/09/Senalitica-en-vinilo-fotoluminiscente-senales-de-seguridad-Blog-RemiseroStudio.jpg]
[almond.ke/wp-content/uploads/2026/09/Award-frame-Vectors-Download-Free-High-Quality-Vectors-_-Magnific-formerly-Freepik-1.jpg]
[almond.ke/wp-content/uploads/2026/09/Corporate-Gift-Podium-Render-1.jpg]
[almond.ke/wp-content/uploads/2026/09/Custom-Appreciation-Award-Plaque-_-Wooden-Star-Recognition-Award-_-Employee-Thank-You-Trophy-1.jpg]
[almond.ke/wp-content/uploads/2026/09/Temu-_-Personalized-Uv-Transfer-Stickers-Cus.jpg]
[almond.ke/wp-content/uploads/2026/09/Asset-Tags-1.jpg]
[almond.ke/wp-content/uploads/2026/09/🌟-Transform-Your-Space-with-Frosted-Window-Films-🌟-1.jpg]
[almond.ke/wp-content/uploads/2026/09/Duvarlarinizi-markaniza-ozel-tasarimlarla….jpg]
[almond.ke/wp-content/uploads/2026/09/2016f3220c41a00ae5dbcb60d78e7b9b.jpg]
[almond.ke/wp-content/uploads/2026/09/Your-vehicle-is-a-mobile-billboard_-🚚__Turn-every….jpg]
[almond.ke/wp-content/uploads/2025/12/best-printing-companies-in-nairobi-kenya-almond-print.jpg]
[almond.ke/wp-content/uploads/2025/12/best-printing-companies-in-nairobi-kenya-almond-print-300x300.jpg]
[almond.ke/wp-content/uploads/2025/12/best-printing-companies-in-nairobi-kenya-almond-print-150x150.jpg]
[almond.ke/wp-content/uploads/2025/12/top-printing-companies-in-nairobi-kenya-almond-print.jpg]
[almond.ke/wp-content/uploads/2025/12/top-printing-companies-in-nairobi-kenya-almond-print-300x300.jpg]
[almond.ke/wp-content/uploads/2025/12/top-printing-companies-in-nairobi-kenya-almond-print-150x150.jpg]
[almond.ke/wp-content/uploads/2025/12/top-graphic-design-and-printing-companies-in-nairobi-kenya-almond-print.jpg]
[almond.ke/wp-content/uploads/2025/12/top-graphic-design-and-printing-companies-in-nairobi-kenya-almond-print-300x300.jpg]
[almond.ke/wp-content/uploads/2025/12/top-graphic-design-and-printing-companies-in-nairobi-kenya-almond-print-150x150.jpg]
[almond.ke/wp-content/uploads/2025/12/best-online-priniting-and-delivery-serivces-in-kenya.jpg]
[almond.ke/wp-content/uploads/2025/12/best-online-priniting-and-delivery-serivces-in-kenya-300x300.jpg]
[almond.ke/wp-content/uploads/2025/12/best-online-priniting-and-delivery-serivces-in-kenya-150x150.jpg]
[almond.ke/about/index.html]
[almond.ke/wp-content/uploads/2026/07/WITIA.jpg]
[almond.ke/wp-content/uploads/2026/07/jubilee-1024x512.jpg]
[almond.ke/wp-content/uploads/2026/07/path.jpg]
[almond.ke/wp-content/uploads/2026/09/Gemini_Generated_Image_eevbueeevbueeevb-300x300.jpg]
[almond.ke/wp-content/uploads/2026/09/Gemini_Generated_Image_eevbueeevbueeevb-150x150.jpg]
[almond.ke/wp-content/uploads/2026/09/Gemini_Generated_Image_eevbueeevbueeevb-600x600.jpg]
[almond.ke/wp-content/uploads/2026/09/Gemini_Generated_Image_99vsu499vsu499vs-300x300.jpg]
[almond.ke/wp-content/uploads/2026/09/Gemini_Generated_Image_99vsu499vsu499vs-150x150.jpg]
[almond.ke/wp-content/uploads/2026/09/Gemini_Generated_Image_99vsu499vsu499vs-600x600.jpg]
[almond.ke/wp-content/uploads/2026/09/Gemini_Generated_Image_xrg7xpxrg7xpxrg7-300x300.jpg]
[almond.ke/wp-content/uploads/2026/09/Gemini_Generated_Image_xrg7xpxrg7xpxrg7-150x150.jpg]
[almond.ke/wp-content/uploads/2026/09/Gemini_Generated_Image_xrg7xpxrg7xpxrg7-600x600.jpg]
[almond.ke/wp-content/uploads/2026/09/Gemini_Generated_Image_f36kzf36kzf36kzf-300x300.jpg]
[almond.ke/wp-content/uploads/2026/09/Gemini_Generated_Image_f36kzf36kzf36kzf-150x150.jpg]
[almond.ke/wp-content/uploads/2026/09/Gemini_Generated_Image_f36kzf36kzf36kzf-600x600.jpg]
[almond.ke/wp-content/uploads/2026/09/Gemini_Generated_Image_7q22d17q22d17q22-300x300.jpg]
[almond.ke/wp-content/uploads/2026/09/Gemini_Generated_Image_7q22d17q22d17q22-150x150.jpg]
[almond.ke/wp-content/uploads/2026/09/Gemini_Generated_Image_7q22d17q22d17q22-600x600.jpg]
[almond.ke/wp-content/uploads/2026/09/Gemini_Generated_Image_zc6h45zc6h45zc6h-300x300.jpg]
[almond.ke/wp-content/uploads/2026/09/Gemini_Generated_Image_zc6h45zc6h45zc6h-150x150.jpg]
[almond.ke/wp-content/uploads/2026/09/Gemini_Generated_Image_zc6h45zc6h45zc6h-600x600.jpg]
[almond.ke/corporate/index.html]
[almond.ke/stationery-business/books-publications/index.html]
[almond.ke/small-format/personal-event-items/index.html]
[almond.ke/wp-content/plugins/us-core/assets/images/placeholder.html]
[almond.ke/cdn-cgi/l/email-protection.html]
[almond.ke/home.html]
[almond.ke/cdn-cgi/scripts/5c5dd728/cloudflare-static/email-decode.min.js]
[almond.ke/wp-admin/admin-ajax.html]
[almond.ke/wp-content/themes/Impreza/index.html]
[almond.ke/wp-content/plugins/advanced-woo-search/assets/js/common.min0ffb.js]
[almond.ke/wp-content/themes/Impreza/common/js/base/passive-events.min55af.js]
[almond.ke/wp-content/themes/Impreza/common/js/vendor/magnific-popup55af.js]
[almond.ke/wp-content/themes/Impreza/common/js/base/header.no-cache.min55af.js]
[almond.ke/wp-content/themes/Impreza/js/us.core.min55af.html]
[almond.ke/wp-content/plugins/woocommerce/assets/js/sourcebuster/sourcebuster.min5ae7.html]
[almond.ke/wp-content/plugins/woocommerce/assets/js/frontend/order-attribution.min5ae7.html]
[almond.ke/wp-content/plugins/woocommerce/assets/js/frontend/cart-fragments.min5ae7.js]
[almond.ke/wp-content/themes/Impreza/common/js/vendor/owl.carousel55af.html]
[almond.ke/wp-json/oembed/1.0/embedf900.html]
[almond.ke/wp-json/oembed/1.0/embed6f4d.html]
[almond.ke/contact.html]
[almond.ke/wp-json/wp/v2/pages/1144.html]
[almond.ke/index1723.html]
[almond.ke/wp-json/oembed/1.0/embed4ab1.html]
[almond.ke/wp-json/oembed/1.0/embed8bfd.html]
[almond.ke/cart.html]
[almond.ke/wp-content/plugins/woocommerce/assets/js/frontend/country-select.min5ae7.html]
[almond.ke/wp-content/plugins/woocommerce/assets/js/frontend/address-i18n.min5ae7.html]
[almond.ke/wp-content/plugins/woocommerce/assets/js/frontend/cart.min5ae7.html]
[almond.ke/wp-content/plugins/woocommerce/assets/js/selectWoo/selectWoo.full.min1409.html]
[almond.ke/wp-json/wp/v2/pages/774.html]
[almond.ke/indexa8d4.html]
[almond.ke/shop/index.html]
[almond.ke/printing-services-category/https-almond-ke-apparels/feed/index.html]
[almond.ke/printing-services-category/https-almond-ke-apparels.html]
[almond.ke/wp-json/wp/v2/product_cat/87.html]
[almond.ke/wp-content/plugins/wpforms-lite/assets/css/frontend/modern/wpforms-full.minae43.html]
[almond.ke/wp-content/plugins/wpforms-lite/assets/images/submit-spin.html]
[almond.ke/wp-content/plugins/wpforms-lite/assets/lib/jquery.validate.min3c17.html]
[almond.ke/wp-content/plugins/wpforms-lite/assets/lib/mailcheck.mincfa9.html]
[almond.ke/wp-content/plugins/wpforms-lite/assets/lib/punycode.min8a54.html]
[almond.ke/wp-content/plugins/wpforms-lite/assets/js/share/utils.minae43.html]
[almond.ke/wp-content/plugins/wpforms-lite/assets/js/frontend/wpforms.minae43.html]
[almond.ke/wp-content/plugins/wpforms-lite/assets/js/frontend/wpforms-modern.minae43.html]
[almond.ke/wp-content/plugins/wpforms-lite/assets/js/frontend/analytics.minae43.html]
[almond.ke/wp-content/plugins/wpforms-lite/assets/js/frontend/fields/address.minae43.html]
[almond.ke/wp-content/uploads/2026/08/T-shirts-Design.jpg]
[almond.ke/wp-json/oembed/1.0/embed7416.html]
[almond.ke/wp-json/oembed/1.0/embed7d27.html]
[almond.ke/apparels/t-shirts.html]
[almond.ke/wp-json/wp/v2/pages/5247.html]
[almond.ke/indexcab4.html]
[almond.ke/wp-content/uploads/2026/03/Image_fx-2026-03-04T091739.263-1024x559.jpg]
[almond.ke/wp-content/uploads/2026/03/Image_fx-2026-03-04T091716.855-1024x559.jpg]
[almond.ke/wp-content/uploads/2026/03/Whisk_7a1c5a09fbfcc4391c24de582a103217dr-1024x559.jpeg]
[almond.ke/wp-content/uploads/2026/08/94786767153186911.jpg]
[almond.ke/wp-json/oembed/1.0/embed1772.html]
[almond.ke/wp-json/oembed/1.0/embed0a80.html]
[almond.ke/apparels/poloshirts.html]
[almond.ke/wp-json/wp/v2/pages/6124.html]
[almond.ke/index561a.html]
[almond.ke/wp-content/uploads/2026/03/Whisk_393f48a5823de1c8daf460cb2eafef99dr-1024x559.jpeg]
[almond.ke/wp-content/uploads/2026/03/Whisk_59d8c32f8732febb483431181ac4a698dr-1024x559.jpeg]
[almond.ke/wp-content/uploads/2026/03/Whisk_4ad17e0cd55112cb2704ede35ef2b86ddr-1024x559.jpeg]
[almond.ke/wp-content/uploads/2026/08/blouses-1.jpg]
[almond.ke/wp-json/oembed/1.0/embed54b4.html]
[almond.ke/wp-json/oembed/1.0/embedfeb0.html]
[almond.ke/apparels/blouses.html]
[almond.ke/wp-json/wp/v2/pages/6126.html]
[almond.ke/indexfc4b.html]
[almond.ke/wp-content/uploads/2026/03/Whisk_972c70d232a9cf08b4045d97c107cec7dr-1024x559.jpeg]
[almond.ke/wp-content/uploads/2026/03/Image_fx-2026-03-05T202151.607-1024x559.jpg]
[almond.ke/wp-content/uploads/2026/03/Image_fx-2026-03-05T203208.990-1024x559.jpg]
[almond.ke/wp-content/uploads/2026/08/Fashion.jpg]
[almond.ke/wp-json/oembed/1.0/embedfa17.html]
[almond.ke/wp-json/oembed/1.0/embedba51.html]
[almond.ke/apparels/shirts.html]
[almond.ke/wp-json/wp/v2/pages/6128.html]
[almond.ke/index0fd6.html]
[almond.ke/wp-content/uploads/2026/03/Whisk_8623781d17498e5a93d44ff7e5dc182adr-1024x559.jpeg]
[almond.ke/wp-content/uploads/2026/03/Image_fx-2026-03-05T215306.258-1024x559.jpg]
[almond.ke/wp-content/uploads/2026/03/Image_fx-2026-03-05T215628.542-1024x559.jpg]
[almond.ke/wp-content/uploads/2026/08/caps-branded-1024x1024.jpg]
[almond.ke/wp-json/oembed/1.0/embed2773.html]
[almond.ke/wp-json/oembed/1.0/embed4ef3.html]
[almond.ke/apparels/caps.html]
[almond.ke/wp-json/wp/v2/pages/5250.html]
[almond.ke/index8a8a.html]
[almond.ke/wp-content/uploads/2026/03/Image_fx-2026-03-05T221330.875-1024x559.jpg]
[almond.ke/wp-content/uploads/2026/03/Whisk_cd30a69e7a9b988b42b46d8620a287c5dr-1024x559.jpeg]
[almond.ke/wp-content/uploads/2026/03/Whisk_89fec33b3fdd1f4bf6e4000e6ce93481dr-1024x559.jpeg]
[almond.ke/wp-content/uploads/2026/08/aprons-576x1024.jpg]
[almond.ke/wp-json/oembed/1.0/embed3641.html]
[almond.ke/wp-json/oembed/1.0/embede3d4.html]
[almond.ke/apparels/aprons.html]
[almond.ke/wp-json/wp/v2/pages/6130.html]
[almond.ke/index4c62.html]
[almond.ke/apparel/index.html]
[almond.ke/wp-content/uploads/2026/03/Whisk_56351cdd8744ba2b3e14d26363297609dr-1024x559.jpeg]
[almond.ke/wp-content/uploads/2026/08/dust-coats.jpg]
[almond.ke/wp-json/oembed/1.0/embed077f.html]
[almond.ke/wp-json/oembed/1.0/embed1e91.html]
[almond.ke/apparels/dust-coats.html]
[almond.ke/wp-content/uploads/2026/08/dust-coats-702x1024.jpg]
[almond.ke/wp-json/wp/v2/pages/6132.html]
[almond.ke/index6088.html]
[almond.ke/wp-content/uploads/2026/08/363665738689566021.jpg]
[almond.ke/wp-json/oembed/1.0/embedec67.html]
[almond.ke/wp-json/oembed/1.0/embed49cd.html]
[almond.ke/apparels/lab-coats.html]
[almond.ke/wp-content/uploads/2026/08/363665738689566021-683x1024.jpg]
[almond.ke/wp-json/wp/v2/pages/5258.html]
[almond.ke/indexff62.html]
[almond.ke/wp-content/uploads/2026/08/KTWOLEN-Mens-Workwear-Coveralls-Work-Mechanic-Jumpsuits-Long-Sleeve-Coverall-Work-Wear-Multi-Pockets.jpg]
[almond.ke/wp-json/oembed/1.0/embede9b0.html]
[almond.ke/wp-json/oembed/1.0/embed514a.html]
[almond.ke/apparels/overalls.html]
[almond.ke/wp-json/wp/v2/pages/5260.html]
[almond.ke/index4063.html]
[almond.ke/wp-content/uploads/2026/08/Blazers.jpg]
[almond.ke/wp-json/oembed/1.0/embed5194.html]
[almond.ke/wp-json/oembed/1.0/embed3029.html]
[almond.ke/apparels/blazers.html]
[almond.ke/wp-json/wp/v2/pages/5262.html]
[almond.ke/index0772.html]
[almond.ke/corporate-gifts/index.html]
[almond.ke/wp-content/uploads/2026/08/Fashion-Brand-Men-Hoodies-New-Spring-Autumn-Casual.jpg]
[almond.ke/wp-json/oembed/1.0/embed574a.html]
[almond.ke/wp-json/oembed/1.0/embed2736.html]
[almond.ke/apparels/hoodies.html]
[almond.ke/wp-json/wp/v2/pages/6134.html]
[almond.ke/index76a7.html]
[almond.ke/wp-content/uploads/2026/08/Mens-Black-Puffer-Jacket-_-Winter-Warm-Hooded-Coat.jpg]
[almond.ke/wp-json/oembed/1.0/embed7611.html]
[almond.ke/wp-json/oembed/1.0/embed5eeb.html]
[almond.ke/apparels/puff-jackets.html]
[almond.ke/wp-content/uploads/2026/08/Mens-Black-Puffer-Jacket-_-Winter-Warm-Hooded-Coat-683x1024.jpg]
[almond.ke/wp-json/wp/v2/pages/6136.html]
[almond.ke/index0df7.html]
[almond.ke/apparels/corporate-shirts/index.html]
[almond.ke/wp-content/uploads/2026/08/43699058881933295.jpg]
[almond.ke/wp-json/oembed/1.0/embedbb12.html]
[almond.ke/wp-json/oembed/1.0/embed059a.html]
[almond.ke/apparels/reflective-jackets.html]
[almond.ke/wp-json/wp/v2/pages/6138.html]
[almond.ke/index4a4e.html]
[almond.ke/wp-content/uploads/2026/08/bandanas.jpg]
[almond.ke/wp-json/oembed/1.0/embedebba.html]
[almond.ke/wp-json/oembed/1.0/embed2645.html]
[almond.ke/apparels/bandanas.html]
[almond.ke/wp-json/wp/v2/pages/6140.html]
[almond.ke/index220c.html]
[almond.ke/wp-content/uploads/2026/08/Safari_jacket_A_tif-1201×1600-pixels.jpg]
[almond.ke/wp-json/oembed/1.0/embed642a.html]
[almond.ke/wp-json/oembed/1.0/embed42a8.html]
[almond.ke/apparels/safari-jackets.html]
[almond.ke/wp-json/wp/v2/pages/6142.html]
[almond.ke/index8d37.html]
[almond.ke/wp-content/uploads/2026/08/college-jackets.jpg]
[almond.ke/wp-json/oembed/1.0/embedeb1f.html]
[almond.ke/wp-json/oembed/1.0/embedebe0.html]
[almond.ke/apparels/college-jackets.html]
[almond.ke/wp-content/uploads/2026/08/college-jackets-683x1024.jpg]
[almond.ke/wp-json/wp/v2/pages/6144.html]
[almond.ke/index950f.html]
[almond.ke/wp-content/uploads/2026/08/Amazon_com_-SaphiRose-Unisex-Rain-Poncho-Raincoat….jpg]
[almond.ke/wp-json/oembed/1.0/embed2cdf.html]
[almond.ke/wp-json/oembed/1.0/embed41af.html]
[almond.ke/apparels/rain-coats.html]
[almond.ke/wp-json/wp/v2/pages/6146.html]
[almond.ke/index77d4.html]
[almond.ke/wp-content/uploads/2026/08/100-cotton-Kenyan-kikoys-in-exquisite-colours-and….jpg]
[almond.ke/wp-json/oembed/1.0/embedcb6d.html]
[almond.ke/wp-json/oembed/1.0/embeda235.html]
[almond.ke/apparels/kikoys.html]
[almond.ke/wp-json/wp/v2/pages/6148.html]
[almond.ke/indexb139.html]
[almond.ke/printing-services-category/https-almond-ke-awards-recognition/feed/index.html]
[almond.ke/printing-services-category/https-almond-ke-awards-recognition.html]
[almond.ke/wp-json/wp/v2/product_cat/85.html]
[almond.ke/labels-stickers-packaging/index.html]
[almond.ke/printing-services-category/https-almond-ke-stationery-business-books-publications/feed/index.html]
[almond.ke/printing-services-category/https-almond-ke-stationery-business-books-publications.html]
[almond.ke/wp-json/wp/v2/product_cat/81.html]
[almond.ke/printing-services-category/https-almond-ke-motor-vehicle-branding-office-branding/feed/index.html]
[almond.ke/printing-services-category/https-almond-ke-motor-vehicle-branding-office-branding.html]
[almond.ke/wp-json/wp/v2/product_cat/91.html]
[almond.ke/printing-services-category/https-almond-ke-stationery-business-office-stationery/feed/index.html]
[almond.ke/printing-services-category/https-almond-ke-stationery-business-office-stationery.html]
[almond.ke/wp-json/wp/v2/product_cat/79.html]
[almond.ke/printing-services-category/https-almond-ke-packaging/feed/index.html]
[almond.ke/printing-services-category/https-almond-ke-packaging.html]
[almond.ke/wp-json/wp/v2/product_cat/88.html]
[almond.ke/printing-services-category/https-almond-ke-signs-boards-branding/feed/index.html]
[almond.ke/printing-services-category/https-almond-ke-signs-boards-branding.html]
[almond.ke/wp-json/wp/v2/product_cat/89.html]
